// Jest Snapshot v1, https://goo.gl/fbAQLP

exports[`parse compose modifier throw error if compose is not an array 1`] = `"Entity undefined compose property is expected to be an instance of Array, but found [object Object]"`;
