// Jest Snapshot v1, https://goo.gl/fbAQLP

exports[`trace feature trace via options parameter 1`] = `
Array [
  Array [
    "data-point-trace-123.json",
    "{
  \\"id\\": \\"1\\",
  \\"reducer\\": {
    \\"type\\": \\"ReducerEntityId\\",
    \\"name\\": \\"tracedViaOptions\\",
    \\"entityType\\": \\"model\\",
    \\"asCollection\\": false,
    \\"hasEmptyConditional\\": false,
    \\"id\\": \\"model:tracedViaOptions\\"
  },
  \\"hrtime\\": [
    1,
    1000000000
  ],
  \\"timeStart\\": 2000000000,
  \\"duration\\": 8000000000,
  \\"durationMs\\": 8000,
  \\"timelineStart\\": 0,
  \\"timelineStartMs\\": 0,
  \\"nestingLevel\\": 0,
  \\"label\\": \\"model:tracedViaOptions:1\\",
  \\"reducerSummary\\": {
    \\"id\\": \\"model:tracedViaOptions\\",
    \\"type\\": \\"ReducerEntityId\\",
    \\"name\\": \\"tracedViaOptions\\",
    \\"body\\": \\"\\"
  },
  \\"children\\": [
    {
      \\"id\\": \\"2\\",
      \\"reducer\\": {
        \\"type\\": \\"ReducerPath\\",
        \\"name\\": \\"a.b.c\\",
        \\"asCollection\\": false
      },
      \\"hrtime\\": [
        2,
        2000000000
      ],
      \\"timeStart\\": 4000000000,
      \\"parent\\": \\"[Circular ~]\\",
      \\"duration\\": 6000000000,
      \\"durationMs\\": 6000,
      \\"timelineStart\\": 2000000000,
      \\"timelineStartMs\\": 2000,
      \\"nestingLevel\\": 1,
      \\"label\\": \\"ReducerPath:2\\",
      \\"reducerSummary\\": {
        \\"id\\": \\"\\",
        \\"type\\": \\"ReducerPath\\",
        \\"name\\": \\"a.b.c\\",
        \\"body\\": \\"\\"
      },
      \\"children\\": []
    }
  ],
  \\"maxNestingLevel\\": 2
}",
    "utf8",
  ],
]
`;
