// Jest Snapshot v1, https://goo.gl/fbAQLP

exports[`resolveRequest log errors when request fails 1`] = `
"404 - \\"not found\\"

Entity info:
  Id: test:test
  - options: { json: true, url: 'http://remote.test/source1' }
  - value: 'foo'

  Request:
  - error: 'not found'
  - message: '404 - \\"not found\\"'
  - statusCode: 404
  - options: { json: true,
  url: 'http://remote.test/source1',
  callback: [Function: RP$callback],
  transform: undefined,
  simple: true,
  resolveWithFullResponse: false,
  transform2xxOnly: false }
"
`;
