// Jest Snapshot v1, https://goo.gl/fbAQLP

exports[`inspectProperties It should add indent to keys 1`] = `
"  - a: 1
  - b: true
"
`;

exports[`inspectProperties It should inspect each property 1`] = `
"- a: 1
- b: { a: true,
  b: false }
"
`;
