// Jest Snapshot v1, https://goo.gl/fbAQLP

exports[`ResolveEntity.resolveEntity if custom typeCheck throws then fail 1`] = `[Error: custom type error]`;

exports[`ResolveEntity.resolveEntity inputType - throws error if inputType does not pass 1`] = `[Error: value did not pass type check, type expected: number but recevied: string. The value received is: 'foo']`;

exports[`ResolveEntity.resolveEntity outputType - throws error if outputType does not pass 1`] = `[Error: value did not pass type check, type expected: string but recevied: number. The value received is: 1]`;

exports[`ResolveEntity.resolveEntity outputType - throws error if outputType does not pass when after changes output 1`] = `[Error: value did not pass type check, type expected: string but recevied: number. The value received is: 1]`;

exports[`ResolveEntity.resolveEntity outputType - throws error if outputType does not pass when model:after changes output 1`] = `[Error: value did not pass type check, type expected: string but recevied: number. The value received is: 1]`;
