// Jest Snapshot v1, https://goo.gl/fbAQLP

exports[`reducer/reducer-function#getReducerProps should accept a non-empty object 1`] = `
Array [
  Object {
    "path": Array [
      "a1",
    ],
    "reducer": ReducerPath {
      "asCollection": true,
      "body": [Function],
      "name": "a",
      "type": "ReducerPath",
    },
  },
  Object {
    "path": Array [
      "b1",
      "a2",
    ],
    "reducer": ReducerList {
      "reducers": Array [
        ReducerPath {
          "asCollection": false,
          "body": [Function],
          "name": "a2",
          "type": "ReducerPath",
        },
        ReducerFunction {
          "body": [Function],
          "type": "ReducerFunction",
        },
      ],
      "type": "ReducerList",
    },
  },
  Object {
    "path": Array [
      "b1",
      "b2",
    ],
    "reducer": ReducerObject {
      "props": Array [
        Object {
          "path": Array [
            "a3",
          ],
          "reducer": ReducerEntity {
            "asCollection": false,
            "entityType": "transform",
            "hasEmptyConditional": false,
            "id": "transform:entity-name",
            "name": "entity-name",
            "type": "ReducerEntity",
            "withEmptyConditional": false,
          },
        },
        Object {
          "path": Array [
            "b3",
          ],
          "reducer": ReducerPath {
            "asCollection": false,
            "body": [Function],
            "name": "b1.b2.b3",
            "type": "ReducerPath",
          },
        },
      ],
      "type": "ReducerObject",
    },
  },
]
`;
